/Library/Frameworks/Python.framework/Versions/3.13/Resources/Python.app/Contents/MacOS/Python: can't open file '/Users/lucianoleroi/Desktop/Fran/sprint/test_fixes.py': [Errno 2] No such file or directory
